// Jest Snapshot v1, https://goo.gl/fbAQLP

exports[`Should render. 1`] = `ReactWrapper {}`;

exports[`renders correctly 1`] = `[Function]`;
