// Jest Snapshot v1, https://goo.gl/fbAQLP

exports[`Card Component renders correctly 1`] = `ShallowWrapper {}`;

exports[`Should render. 1`] = `ReactWrapper {}`;
