// Jest Snapshot v1, https://goo.gl/fbAQLP

exports[`BannerHeader Component Should renderss. 1`] = `ShallowWrapper {}`;
