// Jest Snapshot v1, https://goo.gl/fbAQLP

exports[`Galerie Component renders correctly 1`] = `[Function]`;

exports[`Galerie Component renders properly 1`] = `ShallowWrapper {}`;

exports[`Should render. 1`] = `ReactWrapper {}`;
