// Jest Snapshot v1, https://goo.gl/fbAQLP

exports[`Galerie Component renders correctly 1`] = `ShallowWrapper {}`;

exports[`renders correctly 1`] = `[Function]`;
